2026-08-27 10:48:34.394: [INFO] CurrentProfilePath: C:\Users\vjaik\AppData\Local\Temp\flutter_tools.30bd5d5c\flutter_tools_chrome_device.a529dab5\Default
2026-08-27 10:48:34.394: [INFO] Profiles total count: 1
2026-08-27 10:48:34.394: [INFO] Profile: name=Your Chrome path=C:\Users\vjaik\AppData\Local\Temp\flutter_tools.30bd5d5c\flutter_tools_chrome_device.a529dab5\Default lastActive=null
2026-08-27 10:48:34.394: [INFO] LastUsedProfileDir: C:\Users\vjaik\AppData\Local\Temp\flutter_tools.30bd5d5c\flutter_tools_chrome_device.a529dab5\Default
2026-08-27 10:48:34.394: [INFO] VisibilityChanged: 0
2026-08-27 10:48:34.444: [INFO] RecordSyncInitDuration has_sync_been_enabled: 0 state: 0
2026-08-27 10:48:34.445: [INFO] RecordSyncInitDuration has_sync_been_enabled: 0 state: 0
2026-08-27 10:48:34.447: [INFO] RecordSyncInitDuration has_sync_been_enabled: 0 state: 0
2026-08-27 10:48:34.449: [INFO] RecordSyncInitDuration has_sync_been_enabled: 0 state: 0
2026-08-27 10:48:34.451: [INFO] RecordSyncInitDuration has_sync_been_enabled: 0 state: 0
2026-08-27 10:48:34.452: [INFO] RecordSyncInitDuration has_sync_been_enabled: 0 state: 0
2026-08-27 10:48:34.454: [INFO] RecordSyncInitDuration has_sync_been_enabled: 0 state: 0
2026-08-27 10:48:34.455: [INFO] RecordSyncInitDuration has_sync_been_enabled: 0 state: 0
2026-08-27 10:48:34.456: [INFO] RecordSyncInitDuration has_sync_been_enabled: 0 state: 0
2026-08-27 10:48:34.458: [INFO] RecordSyncInitDuration has_sync_been_enabled: 0 state: 0
2026-08-27 10:48:34.477: [INFO] BookmarkNodeAdded, ABU: 0
2026-08-27 10:48:34.477: [INFO] BookmarkNodeAdded, ABU: 0
2026-08-27 10:48:34.477: [INFO] BookmarkNodeAdded, ABU: 0
2026-08-27 10:48:34.477: [INFO] OnDoneLoading sync enabled: 0
2026-08-27 10:48:34.477: [INFO] BookmarkModelLoaded, ids_reassigned: 0
2026-08-27 10:48:34.477: [INFO] BookmarksLoadDropped droppedNodes=0
2026-08-27 10:48:34.477: [INFO] BookmarksSnapshot Startup total=3 bar=3 other=0 mobile=0 showBar=0 showBarNTP=1
2026-08-27 10:48:34.484: [INFO] RecordSyncInitDuration has_sync_been_enabled: 0 state: 0
2026-08-27 10:48:36.755: [INFO] RecordSyncInitDuration has_sync_been_enabled: 0 state: 0
2026-08-27 10:48:36.760: [INFO] RecordSyncInitDuration has_sync_been_enabled: 0 state: 3
2026-08-27 10:48:36.764: [INFO] Primary account changed.
2026-08-27 10:48:36.764: [INFO] OnPrimaryAccountChanged PrimaryAccountChangeEvent::Type::kSet
2026-08-27 10:48:36.770: [INFO] RecordSyncInitDuration has_sync_been_enabled: 0 state: 3
2026-08-27 10:48:42.024: [INFO] BookmarkNodeAdded, ABU: 0
2026-08-27 10:48:42.025: [INFO] BookmarkNodeAdded, ABU: 0
2026-08-27 10:48:42.025: [INFO] BookmarkNodeAdded, ABU: 0
2026-08-27 10:48:42.627: [INFO] Sync initialization duration: 5751ms
2026-08-27 11:03:45.071: [INFO] BookmarksSnapshot Shutdown total=3 bar=3 other=3 mobile=0 showBar=0 showBarNTP=1
