{"logTime": "0827/104839", "correlationVector":"2kzES2w1j+4g2g9gThkMTU.1","action":"SyncServerConnectionManagerRequest", "result":"SYNC_SERVER_OK", "context":{"environment":"Prod_southindia_prod-s01-004-apac-southindia", "migrationStage":"NotStarted", "server":"akswtt10700003b"}}
{"logTime": "0827/104839", "correlationVector":"2kzES2w1j+4g2g9gThkMTU.2","action":"ProcessGetUpdates", "result":"Done", "context":{"dataType":"Encryption Keys", "deleted":"0", "process_failed_to_decrypt":"0", "process_pending_decryption":"0", "process_success":"1", "total":"1"}}
{"logTime": "0827/104840", "correlationVector":"O7SBK8cM+67rKwJcoUHmSf","action":"SyncServerConnectionManagerRequest", "result":"SYNC_SERVER_OK", "context":{"environment":"", "migrationStage":"", "server":""}}
{"logTime": "0827/104840", "correlationVector":"O7SBK8cM+67rKwJcoUHmSf.0","action":"EncryptionKeysFetcher.DownloadKeys:", "result":"Success", "context":Key count: 2, Last key timestamp: 2026-05-31T13:42:35Z}
{"logTime": "0827/104840", "correlationVector":"O7SBK8cM+67rKwJcoUHmSf.1","action":"EncryptionKeysManager::SetEncryptionKeys:", "result":"Success", "context":Key names[2]:[jSim9QVgRP0bt5EfmaBRGgfwB0m28vwgsNu8G/uIo8upK8A92jlN1b7UFfH2pcQk2WSdQ9cdJvVqDbW9M3JJsA==][L4MD91Hm5vKk1mz0Tpx5izlA9M72UVyyu/D7KojV1n9YP9Edd9kNqluttiKGW7aHpzRip6n3L7x9tV2gHNCheg==]}
{"logTime": "0827/104840", "correlationVector":"O7SBK8cM+67rKwJcoUHmSf.2","action":"EncryptionKeysManager::SetEncryptionKeysWithTimestamps:", "result":"Success", "context":Key timestamps[2]:[2025-11-22T13:23:24Z][2026-05-31T13:42:35Z]}
{"logTime": "0827/104840", "correlationVector":"2kzES2w1j+4g2g9gThkMTU","action":"Initial GetUpdates", "result":"", "context":Reason: NEW_CLIENT. cV=2kzES2w1j+4g2g9gThkMTU}
{"logTime": "0827/104840", "correlationVector":"2kzES2w1j+4g2g9gThkMTU.3","action":"GetUpdates Response", "result":"Success", "context":Received 1 update(s). cV=2kzES2w1j+4g2g9gThkMTU.0;server=akswtt10700003b;cloudType=Consumer;environment=Prod_southindia_prod-s01-004-apac-southindia;migrationStage=NotStarted}
{"logTime": "0827/104840", "correlationVector":"SY4k8+jlKFuq2bFzjME5ch","action":"Initial GetUpdates", "result":"", "context":Reason: NEWLY_SUPPORTED_DATATYPE. cV=SY4k8+jlKFuq2bFzjME5ch}
{"logTime": "0827/104840", "correlationVector":"SY4k8+jlKFuq2bFzjME5ch.1","action":"SyncServerConnectionManagerRequest", "result":"SYNC_SERVER_OK", "context":{"environment":"Prod_southindia_prod-s01-004-apac-southindia", "migrationStage":"NotStarted", "server":"akswtt10700001p"}}
{"logTime": "0827/104840", "correlationVector":"SY4k8+jlKFuq2bFzjME5ch.2","action":"ProcessGetUpdates", "result":"Done", "context":{"dataType":"Passwords", "deleted":"0", "process_failed_to_decrypt":"0", "process_pending_decryption":"0", "process_success":"4", "total":"4"}}
{"logTime": "0827/104840", "correlationVector":"SY4k8+jlKFuq2bFzjME5ch.3","action":"ProcessGetUpdates", "result":"Done", "context":{"dataType":"Device Info", "deleted":"0", "process_failed_to_decrypt":"0", "process_pending_decryption":"0", "process_success":"5", "total":"5"}}
{"logTime": "0827/104840", "correlationVector":"SY4k8+jlKFuq2bFzjME5ch.4","action":"GetUpdates Response", "result":"Success", "context":Received 9 update(s). cV=SY4k8+jlKFuq2bFzjME5ch.0;server=akswtt10700001p;cloudType=Consumer;environment=Prod_southindia_prod-s01-004-apac-southindia;migrationStage=NotStarted}
{"logTime": "0827/104840", "correlationVector":"3iu2/7wj8ayCS0xM+gklXH","action":"Initial GetUpdates", "result":"", "context":Reason: NEWLY_SUPPORTED_DATATYPE. cV=3iu2/7wj8ayCS0xM+gklXH}
{"logTime": "0827/104842", "correlationVector":"3iu2/7wj8ayCS0xM+gklXH.1","action":"SyncServerConnectionManagerRequest", "result":"SYNC_SERVER_OK", "context":{"environment":"Prod_southindia_prod-s01-004-apac-southindia", "migrationStage":"NotStarted", "server":"akswtt10700001d"}}
{"logTime": "0827/104842", "correlationVector":"3iu2/7wj8ayCS0xM+gklXH.2","action":"ProcessGetUpdates", "result":"Done", "context":{"dataType":"Bookmarks", "deleted":"0", "process_failed_to_decrypt":"0", "process_pending_decryption":"0", "process_success":"9", "total":"9"}}
{"logTime": "0827/104842", "correlationVector":"3iu2/7wj8ayCS0xM+gklXH.3","action":"ProcessGetUpdates", "result":"Done", "context":{"dataType":"Preferences", "deleted":"0", "process_failed_to_decrypt":"0", "process_pending_decryption":"0", "process_success":"57", "total":"57"}}
{"logTime": "0827/104842", "correlationVector":"3iu2/7wj8ayCS0xM+gklXH.4","action":"ProcessGetUpdates", "result":"Done", "context":{"dataType":"Autofill Profiles", "deleted":"0", "process_failed_to_decrypt":"0", "process_pending_decryption":"0", "process_success":"3", "total":"3"}}
{"logTime": "0827/104842", "correlationVector":"3iu2/7wj8ayCS0xM+gklXH.5","action":"ProcessGetUpdates", "result":"Done", "context":{"dataType":"Autofill", "deleted":"0", "process_failed_to_decrypt":"0", "process_pending_decryption":"0", "process_success":"21", "total":"21"}}
{"logTime": "0827/104842", "correlationVector":"3iu2/7wj8ayCS0xM+gklXH.6","action":"ProcessGetUpdates", "result":"Done", "context":{"dataType":"Sessions", "deleted":"15", "process_failed_to_decrypt":"0", "process_pending_decryption":"0", "process_success":"21", "total":"21"}}
{"logTime": "0827/104842", "correlationVector":"3iu2/7wj8ayCS0xM+gklXH.7","action":"ProcessGetUpdates", "result":"Done", "context":{"dataType":"Edge Hub App Usage", "deleted":"2", "process_failed_to_decrypt":"0", "process_pending_decryption":"0", "process_success":"5", "total":"5"}}
{"logTime": "0827/104842", "correlationVector":"3iu2/7wj8ayCS0xM+gklXH.8","action":"GetUpdates Response", "result":"Success", "context":Received 116 update(s). cV=3iu2/7wj8ayCS0xM+gklXH.0;server=akswtt10700001d;cloudType=Consumer;environment=Prod_southindia_prod-s01-004-apac-southindia;migrationStage=NotStarted}
{"logTime": "0827/104842", "correlationVector":"OxVkmcVPLHn3lPAV5tZeJQ","action":"Initial GetUpdates", "result":"", "context":Reason: NEWLY_SUPPORTED_DATATYPE. cV=OxVkmcVPLHn3lPAV5tZeJQ}
{"logTime": "0827/104842", "correlationVector":"OxVkmcVPLHn3lPAV5tZeJQ.1","action":"SyncServerConnectionManagerRequest", "result":"SYNC_SERVER_OK", "context":{"environment":"Prod_southindia_prod-s01-004-apac-southindia", "migrationStage":"NotStarted", "server":"akswtt10700002z"}}
{"logTime": "0827/104842", "correlationVector":"OxVkmcVPLHn3lPAV5tZeJQ.2","action":"ProcessGetUpdates", "result":"Done", "context":{"dataType":"History", "deleted":"0", "process_failed_to_decrypt":"0", "process_pending_decryption":"0", "process_success":"28", "total":"28"}}
{"logTime": "0827/104842", "correlationVector":"OxVkmcVPLHn3lPAV5tZeJQ.3","action":"GetUpdates Response", "result":"Success", "context":Received 28 update(s). cV=OxVkmcVPLHn3lPAV5tZeJQ.0;server=akswtt10700002z;cloudType=Consumer;environment=Prod_southindia_prod-s01-004-apac-southindia;migrationStage=NotStarted}
{"logTime": "0827/104842", "correlationVector":"NXEJx1ru3cIglrTgFKFk1w","action":"Normal GetUpdate request", "result":"", "context":cV=NXEJx1ru3cIglrTgFKFk1w
Nudged types: Sessions, Device Info, User Consents
Refresh requested types: Bookmarks, Preferences, Passwords, Autofill Profiles, Autofill, Extensions, Sessions, Extension settings, History Delete Directives, Device Info, User Consents, Send Tab To Self, Web Apps, History, Saved Tab Group, WebAuthn Credentials, Edge E Drop, Edge Hub App Usage, Edge Workspace, Encryption Keys}
{"logTime": "0827/104843", "correlationVector":"NXEJx1ru3cIglrTgFKFk1w.1","action":"SyncServerConnectionManagerRequest", "result":"SYNC_SERVER_OK", "context":{"environment":"Prod_southindia_prod-s01-004-apac-southindia", "migrationStage":"NotStarted", "server":"akswtt107000015"}}
{"logTime": "0827/104843", "correlationVector":"NXEJx1ru3cIglrTgFKFk1w.2","action":"GetUpdates Response", "result":"Success", "context":Received 0 update(s). cV=NXEJx1ru3cIglrTgFKFk1w.0;server=akswtt107000015;cloudType=Consumer;environment=Prod_southindia_prod-s01-004-apac-southindia;migrationStage=NotStarted}
{"logTime": "0827/104843", "correlationVector":"v3aE43b/aDxQeWwjNDEXcC","action":"DoCompareDataConsistency: ", "result":"has local changes and skip compare"}
{"logTime": "0827/104843", "correlationVector":"NlF2lWd1DVU/fHSnTyJ3Hp","action":"Commit Request", "result":"", "context":Item count: 5
Contributing types: Sessions, Device Info, User Consents, History}
{"logTime": "0827/104846", "correlationVector":"NlF2lWd1DVU/fHSnTyJ3Hp.1","action":"SyncServerConnectionManagerRequest", "result":"SYNC_SERVER_OK", "context":{"environment":"Prod_southindia_prod-s01-004-apac-southindia", "migrationStage":"NotStarted", "server":"akswtt107000006"}}
{"logTime": "0827/104846", "correlationVector":"NlF2lWd1DVU/fHSnTyJ3Hp.2","action":"Commit Response", "result":"Success", "context":Result: Success. cV=NlF2lWd1DVU/fHSnTyJ3Hp.0;server=akswtt107000006;cloudType=Consumer;environment=Prod_southindia_prod-s01-004-apac-southindia;migrationStage=NotStarted}
{"logTime": "0827/104846", "correlationVector":"RvmzyhKI0F7V/XOBXjzf9M","action":"Commit Request", "result":"", "context":Item count: 2
Contributing types: Sessions, History}
{"logTime": "0827/104847", "correlationVector":"RvmzyhKI0F7V/XOBXjzf9M.1","action":"SyncServerConnectionManagerRequest", "result":"SYNC_SERVER_OK", "context":{"environment":"Prod_southindia_prod-s01-004-apac-southindia", "migrationStage":"NotStarted", "server":"akswtt10700000m"}}
{"logTime": "0827/104847", "correlationVector":"RvmzyhKI0F7V/XOBXjzf9M.2","action":"Commit Response", "result":"Success", "context":Result: Success. cV=RvmzyhKI0F7V/XOBXjzf9M.0;server=akswtt10700000m;cloudType=Consumer;environment=Prod_southindia_prod-s01-004-apac-southindia;migrationStage=NotStarted}
{"logTime": "0827/104947", "correlationVector":"Szkt0tazILOJ8QjYrTUK9A","action":"Commit Request", "result":"", "context":Item count: 1
Contributing types: Sessions}
{"logTime": "0827/104948", "correlationVector":"Szkt0tazILOJ8QjYrTUK9A.1","action":"SyncServerConnectionManagerRequest", "result":"SYNC_SERVER_OK", "context":{"environment":"Prod_southindia_prod-s01-004-apac-southindia", "migrationStage":"NotStarted", "server":"akswtt107000018"}}
{"logTime": "0827/104948", "correlationVector":"Szkt0tazILOJ8QjYrTUK9A.2","action":"Commit Response", "result":"Success", "context":Result: Success. cV=Szkt0tazILOJ8QjYrTUK9A.0;server=akswtt107000018;cloudType=Consumer;environment=Prod_southindia_prod-s01-004-apac-southindia;migrationStage=NotStarted}
{"logTime": "0827/105241", "correlationVector":"o7JbrVnNJyX6bDa/L+EQWs","action":"Commit Request", "result":"", "context":Item count: 3
Contributing types: Sessions, History}
{"logTime": "0827/105243", "correlationVector":"o7JbrVnNJyX6bDa/L+EQWs.1","action":"SyncServerConnectionManagerRequest", "result":"SYNC_SERVER_OK", "context":{"environment":"Prod_southindia_prod-s01-004-apac-southindia", "migrationStage":"NotStarted", "server":"akswtt10700001k"}}
{"logTime": "0827/105243", "correlationVector":"o7JbrVnNJyX6bDa/L+EQWs.2","action":"Commit Response", "result":"Success", "context":Result: Success. cV=o7JbrVnNJyX6bDa/L+EQWs.0;server=akswtt10700001k;cloudType=Consumer;environment=Prod_southindia_prod-s01-004-apac-southindia;migrationStage=NotStarted}
